C:\Users\Jasen\Documents\websites\workwkay\user_stories_instruction\reacttut>npm start
npm ERR! missing script: start

npm ERR! A complete log of this run can be found in:
npm ERR!     C:\Users\Jasen\AppData\Roaming\npm-cache\_logs\2019-01-28T18_13_49_146Z-debug.log

C:\Users\Jasen\Documents\websites\workwkay\user_stories_instruction\reacttut>npm install
npm WARN websites@1.0.0 No description
npm WARN websites@1.0.0 No repository field.

up to date in 3.407s

C:\Users\Jasen\Documents\websites\workwkay\user_stories_instruction\reacttut>npm run dev
npm ERR! missing script: dev

npm ERR! A complete log of this run can be found in:
npm ERR!     C:\Users\Jasen\AppData\Roaming\npm-cache\_logs\2019-01-28T18_14_14_184Z-debug.log

C:\Users\Jasen\Documents\websites\workwkay\user_stories_instruction\reacttut>cd ..

C:\Users\Jasen\Documents\websites\workwkay\user_stories_instruction>npm start
npm ERR! missing script: start

npm ERR! A complete log of this run can be found in:
npm ERR!     C:\Users\Jasen\AppData\Roaming\npm-cache\_logs\2019-01-28T18_14_22_357Z-debug.log

C:\Users\Jasen\Documents\websites\workwkay\user_stories_instruction>npm install start
npm WARN deprecated start@5.1.0: Deprecated in favor of https://github.com/deepsweet/start
npm WARN websites@1.0.0 No description
npm WARN websites@1.0.0 No repository field.

+ start@5.1.0
updated 1 package in 4.889s

C:\Users\Jasen\Documents\websites\workwkay\user_stories_instruction>npm start
npm ERR! missing script: start

npm ERR! A complete log of this run can be found in:
npm ERR!     C:\Users\Jasen\AppData\Roaming\npm-cache\_logs\2019-01-28T18_14_48_139Z-debug.log

C:\Users\Jasen\Documents\websites\workwkay\user_stories_instruction>npm start
npm ERR! missing script: start

npm ERR! A complete log of this run can be found in:
npm ERR!     C:\Users\Jasen\AppData\Roaming\npm-cache\_logs\2019-01-28T18_15_30_203Z-debug.log

C:\Users\Jasen\Documents\websites\workwkay\user_stories_instruction>cd reacttut

C:\Users\Jasen\Documents\websites\workwkay\user_stories_instruction\reacttut>npm start
npm ERR! missing script: start

npm ERR! A complete log of this run can be found in:
npm ERR!     C:\Users\Jasen\AppData\Roaming\npm-cache\_logs\2019-01-28T18_15_46_804Z-debug.log

C:\Users\Jasen\Documents\websites\workwkay\user_stories_instruction\reacttut>npm run lalala
npm ERR! missing script: lalala

npm ERR! A complete log of this run can be found in:
npm ERR!     C:\Users\Jasen\AppData\Roaming\npm-cache\_logs\2019-01-28T18_17_34_740Z-debug.log

C:\Users\Jasen\Documents\websites\workwkay\user_stories_instruction\reacttut>npm run
Lifecycle scripts included in websites:
  test
    echo "Error: no test specified" && exit 1

C:\Users\Jasen\Documents\websites\workwkay\user_stories_instruction\reacttut>npm run
Lifecycle scripts included in websites:
  test
    echo "Error: no test specified" && exit 1

C:\Users\Jasen\Documents\websites\workwkay\user_stories_instruction\reacttut>npm run
Lifecycle scripts included in websites:
  test
    echo "Error: no test specified" && exit 1

C:\Users\Jasen\Documents\websites\workwkay\user_stories_instruction\reacttut>npm run
Lifecycle scripts included in websites:
  test
    echo "Error: no test specified" && exit 1

C:\Users\Jasen\Documents\websites\workwkay\user_stories_instruction\reacttut>npm run dev
npm ERR! missing script: dev

npm ERR! A complete log of this run can be found in:
npm ERR!     C:\Users\Jasen\AppData\Roaming\npm-cache\_logs\2019-01-28T18_21_58_662Z-debug.log

C:\Users\Jasen\Documents\websites\workwkay\user_stories_instruction\reacttut>cd 02-final
The system cannot find the path specified.

C:\Users\Jasen\Documents\websites\workwkay\user_stories_instruction\reacttut>cd 02-Final
The system cannot find the path specified.

C:\Users\Jasen\Documents\websites\workwkay\user_stories_instruction\reacttut>cd 01-collapsible

C:\Users\Jasen\Documents\websites\workwkay\user_stories_instruction\reacttut\01-Collapsible>npm start
npm ERR! missing script: start

npm ERR! A complete log of this run can be found in:
npm ERR!     C:\Users\Jasen\AppData\Roaming\npm-cache\_logs\2019-01-28T18_24_07_026Z-debug.log

C:\Users\Jasen\Documents\websites\workwkay\user_stories_instruction\reacttut\01-Collapsible>npm run dev
npm ERR! missing script: dev

npm ERR! A complete log of this run can be found in:
npm ERR!     C:\Users\Jasen\AppData\Roaming\npm-cache\_logs\2019-01-28T18_24_14_467Z-debug.log

C:\Users\Jasen\Documents\websites\workwkay\user_stories_instruction\reacttut\01-Collapsible>cd 02-Final

C:\Users\Jasen\Documents\websites\workwkay\user_stories_instruction\reacttut\01-Collapsible\02-Final>npm run dev

> webpack-starter@1.0.0 dev C:\Users\Jasen\Documents\websites\workwkay\user_stories_instruction\reacttut\01-Collapsible\02-Final
> webpack-dev-server

'webpack-dev-server' is not recognized as an internal or external command,
operable program or batch file.
npm ERR! code ELIFECYCLE
npm ERR! errno 1
npm ERR! webpack-starter@1.0.0 dev: `webpack-dev-server`
npm ERR! Exit status 1
npm ERR!
npm ERR! Failed at the webpack-starter@1.0.0 dev script.
npm ERR! This is probably not a problem with npm. There is likely additional logging output above.
npm WARN Local package.json exists, but node_modules missing, did you mean to install?

npm ERR! A complete log of this run can be found in:
npm ERR!     C:\Users\Jasen\AppData\Roaming\npm-cache\_logs\2019-01-28T18_24_32_976Z-debug.log

C:\Users\Jasen\Documents\websites\workwkay\user_stories_instruction\reacttut\01-Collapsible\02-Final>npm run dev

> webpack-starter@1.0.0 dev C:\Users\Jasen\Documents\websites\workwkay\user_stories_instruction\reacttut\01-Collapsible\02-Final
> webpack-dev-server

'webpack-dev-server' is not recognized as an internal or external command,
operable program or batch file.
npm ERR! code ELIFECYCLE
npm ERR! errno 1
npm ERR! webpack-starter@1.0.0 dev: `webpack-dev-server`
npm ERR! Exit status 1
npm ERR!
npm ERR! Failed at the webpack-starter@1.0.0 dev script.
npm ERR! This is probably not a problem with npm. There is likely additional logging output above.
npm WARN Local package.json exists, but node_modules missing, did you mean to install?

npm ERR! A complete log of this run can be found in:
npm ERR!     C:\Users\Jasen\AppData\Roaming\npm-cache\_logs\2019-01-28T18_24_50_085Z-debug.log

C:\Users\Jasen\Documents\websites\workwkay\user_stories_instruction\reacttut\01-Collapsible\02-Final>npm install
npm WARN deprecated babel-preset-es2015@6.22.0: ??  Thanks for using Babel: we recommend using babel-preset-env now: please read babeljs.io/env to update!
npm WARN deprecated babel@6.5.2: In 6.x, the babel package has been deprecated in favor of babel-cli. Check https://opencollective.com/babel to support the Babel maintainers
npm WARN notice [SECURITY] webpack-dev-server has the following vulnerability: 1 high. Go here for more details: https://nodesecurity.io/advisories?search=webpack-dev-server&version=2.2.0 - Run `npm i npm@latest -g` to upgrade your npm version, and then `npm audit` to get more info.
npm WARN notice [SECURITY] mime has the following vulnerability: 1 moderate. Go here for more details: https://nodesecurity.io/advisories?search=mime&version=1.3.6 - Run `npm i npm@latest -g` to upgrade your npm version, and then `npm audit` to get more info.
npm WARN deprecated browserslist@1.7.7: Browserslist 2 could fail on reading Browserslist >3.0 config used in other tools.

> node-sass@4.4.0 install C:\Users\Jasen\Documents\websites\workwkay\user_stories_instruction\reacttut\01-Collapsible\02-Final\node_modules\node-sass
> node scripts/install.js

Downloading binary from https://github.com/sass/node-sass/releases/download/v4.4.0/win32-x64-57_binding.node
Cannot download "https://github.com/sass/node-sass/releases/download/v4.4.0/win32-x64-57_binding.node":

HTTP error 404 Not Found

Hint: If github.com is not accessible in your location
      try setting a proxy via HTTP_PROXY, e.g.

      export HTTP_PROXY=http://example.com:1234

or configure npm proxy via

      npm config set proxy http://example.com:8080

> node-sass@4.4.0 postinstall C:\Users\Jasen\Documents\websites\workwkay\user_stories_instruction\reacttut\01-Collapsible\02-Final\node_modules\node-sass
> node scripts/build.js

Building: C:\Program Files\nodejs\node.exe C:\Users\Jasen\Documents\websites\workwkay\user_stories_instruction\reacttut\01-Collapsible\02-Final\node_modules\node-gyp\bin\node-gyp.js rebuild --verbose --libsass_ext= --libsass_cflags= --libsass_ldflags= --libsass_library=
gyp info it worked if it ends with ok
gyp verb cli [ 'C:\\Program Files\\nodejs\\node.exe',
gyp verb cli   'C:\\Users\\Jasen\\Documents\\websites\\workwkay\\user_stories_instruction\\reacttut\\01-Collapsible\\02-Final\\node_modules\\node-gyp\\bin\\node-gyp.js',
gyp verb cli   'rebuild',
gyp verb cli   '--verbose',
gyp verb cli   '--libsass_ext=',
gyp verb cli   '--libsass_cflags=',
gyp verb cli   '--libsass_ldflags=',
gyp verb cli   '--libsass_library=' ]
gyp info using node-gyp@3.8.0
gyp info using node@8.11.3 | win32 | x64
gyp verb command rebuild []
gyp verb command clean []
gyp verb clean removing "build" directory
gyp verb command configure []
gyp verb check python checking for Python executable "python2" in the PATH
gyp verb `which` failed Error: not found: python2
gyp verb `which` failed     at getNotFoundError (C:\Users\Jasen\Documents\websites\workwkay\user_stories_instruction\reacttut\01-Collapsible\02-Final\node_modules\which\which.js:13:12)
gyp verb `which` failed     at F (C:\Users\Jasen\Documents\websites\workwkay\user_stories_instruction\reacttut\01-Collapsible\02-Final\node_modules\which\which.js:68:19)
gyp verb `which` failed     at E (C:\Users\Jasen\Documents\websites\workwkay\user_stories_instruction\reacttut\01-Collapsible\02-Final\node_modules\which\which.js:80:29)
gyp verb `which` failed     at C:\Users\Jasen\Documents\websites\workwkay\user_stories_instruction\reacttut\01-Collapsible\02-Final\node_modules\which\which.js:89:16
gyp verb `which` failed     at C:\Users\Jasen\Documents\websites\workwkay\user_stories_instruction\reacttut\01-Collapsible\02-Final\node_modules\isexe\index.js:42:5
gyp verb `which` failed     at C:\Users\Jasen\Documents\websites\workwkay\user_stories_instruction\reacttut\01-Collapsible\02-Final\node_modules\isexe\windows.js:36:5
gyp verb `which` failed     at FSReqWrap.oncomplete (fs.js:152:21)
gyp verb `which` failed  python2 { Error: not found: python2
gyp verb `which` failed     at getNotFoundError (C:\Users\Jasen\Documents\websites\workwkay\user_stories_instruction\reacttut\01-Collapsible\02-Final\node_modules\which\which.js:13:12)
gyp verb `which` failed     at F (C:\Users\Jasen\Documents\websites\workwkay\user_stories_instruction\reacttut\01-Collapsible\02-Final\node_modules\which\which.js:68:19)
gyp verb `which` failed     at E (C:\Users\Jasen\Documents\websites\workwkay\user_stories_instruction\reacttut\01-Collapsible\02-Final\node_modules\which\which.js:80:29)
gyp verb `which` failed     at C:\Users\Jasen\Documents\websites\workwkay\user_stories_instruction\reacttut\01-Collapsible\02-Final\node_modules\which\which.js:89:16
gyp verb `which` failed     at C:\Users\Jasen\Documents\websites\workwkay\user_stories_instruction\reacttut\01-Collapsible\02-Final\node_modules\isexe\index.js:42:5
gyp verb `which` failed     at C:\Users\Jasen\Documents\websites\workwkay\user_stories_instruction\reacttut\01-Collapsible\02-Final\node_modules\isexe\windows.js:36:5
gyp verb `which` failed     at FSReqWrap.oncomplete (fs.js:152:21)
gyp verb `which` failed   stack: 'Error: not found: python2\n    at getNotFoundError (C:\\Users\\Jasen\\Documents\\websites\\workwkay\\user_stories_instruction\\reacttut\\01-Collapsible\\02-Final\\node_modules\\which\\which.js:13:12)\n    at F (C:\\Users\\Jasen\\Documents\\websites\\workwkay\\user_stories_instruction\\reacttut\\01-Collapsible\\02-Final\\node_modules\\which\\which.js:68:19)\n    at E (C:\\Users\\Jasen\\Documents\\websites\\workwkay\\user_stories_instruction\\reacttut\\01-Collapsible\\02-Final\\node_modules\\which\\which.js:80:29)\n    at C:\\Users\\Jasen\\Documents\\websites\\workwkay\\user_stories_instruction\\reacttut\\01-Collapsible\\02-Final\\node_modules\\which\\which.js:89:16\n    at C:\\Users\\Jasen\\Documents\\websites\\workwkay\\user_stories_instruction\\reacttut\\01-Collapsible\\02-Final\\node_modules\\isexe\\index.js:42:5\n    at C:\\Users\\Jasen\\Documents\\websites\\workwkay\\user_stories_instruction\\reacttut\\01-Collapsible\\02-Final\\node_modules\\isexe\\windows.js:36:5\n    at FSReqWrap.oncomplete (fs.js:152:21)',
gyp verb `which` failed   code: 'ENOENT' }
gyp verb check python checking for Python executable "python" in the PATH
gyp verb `which` failed Error: not found: python
gyp verb `which` failed     at getNotFoundError (C:\Users\Jasen\Documents\websites\workwkay\user_stories_instruction\reacttut\01-Collapsible\02-Final\node_modules\which\which.js:13:12)
gyp verb `which` failed     at F (C:\Users\Jasen\Documents\websites\workwkay\user_stories_instruction\reacttut\01-Collapsible\02-Final\node_modules\which\which.js:68:19)
gyp verb `which` failed     at E (C:\Users\Jasen\Documents\websites\workwkay\user_stories_instruction\reacttut\01-Collapsible\02-Final\node_modules\which\which.js:80:29)
gyp verb `which` failed     at C:\Users\Jasen\Documents\websites\workwkay\user_stories_instruction\reacttut\01-Collapsible\02-Final\node_modules\which\which.js:89:16
gyp verb `which` failed     at C:\Users\Jasen\Documents\websites\workwkay\user_stories_instruction\reacttut\01-Collapsible\02-Final\node_modules\isexe\index.js:42:5
gyp verb `which` failed     at C:\Users\Jasen\Documents\websites\workwkay\user_stories_instruction\reacttut\01-Collapsible\02-Final\node_modules\isexe\windows.js:36:5
gyp verb `which` failed     at FSReqWrap.oncomplete (fs.js:152:21)
gyp verb `which` failed  python { Error: not found: python
gyp verb `which` failed     at getNotFoundError (C:\Users\Jasen\Documents\websites\workwkay\user_stories_instruction\reacttut\01-Collapsible\02-Final\node_modules\which\which.js:13:12)
gyp verb `which` failed     at F (C:\Users\Jasen\Documents\websites\workwkay\user_stories_instruction\reacttut\01-Collapsible\02-Final\node_modules\which\which.js:68:19)
gyp verb `which` failed     at E (C:\Users\Jasen\Documents\websites\workwkay\user_stories_instruction\reacttut\01-Collapsible\02-Final\node_modules\which\which.js:80:29)
gyp verb `which` failed     at C:\Users\Jasen\Documents\websites\workwkay\user_stories_instruction\reacttut\01-Collapsible\02-Final\node_modules\which\which.js:89:16
gyp verb `which` failed     at C:\Users\Jasen\Documents\websites\workwkay\user_stories_instruction\reacttut\01-Collapsible\02-Final\node_modules\isexe\index.js:42:5
gyp verb `which` failed     at C:\Users\Jasen\Documents\websites\workwkay\user_stories_instruction\reacttut\01-Collapsible\02-Final\node_modules\isexe\windows.js:36:5
gyp verb `which` failed     at FSReqWrap.oncomplete (fs.js:152:21)
gyp verb `which` failed   stack: 'Error: not found: python\n    at getNotFoundError (C:\\Users\\Jasen\\Documents\\websites\\workwkay\\user_stories_instruction\\reacttut\\01-Collapsible\\02-Final\\node_modules\\which\\which.js:13:12)\n    at F (C:\\Users\\Jasen\\Documents\\websites\\workwkay\\user_stories_instruction\\reacttut\\01-Collapsible\\02-Final\\node_modules\\which\\which.js:68:19)\n    at E (C:\\Users\\Jasen\\Documents\\websites\\workwkay\\user_stories_instruction\\reacttut\\01-Collapsible\\02-Final\\node_modules\\which\\which.js:80:29)\n    at C:\\Users\\Jasen\\Documents\\websites\\workwkay\\user_stories_instruction\\reacttut\\01-Collapsible\\02-Final\\node_modules\\which\\which.js:89:16\n    at C:\\Users\\Jasen\\Documents\\websites\\workwkay\\user_stories_instruction\\reacttut\\01-Collapsible\\02-Final\\node_modules\\isexe\\index.js:42:5\n    at C:\\Users\\Jasen\\Documents\\websites\\workwkay\\user_stories_instruction\\reacttut\\01-Collapsible\\02-Final\\node_modules\\isexe\\windows.js:36:5\n    at FSReqWrap.oncomplete (fs.js:152:21)',
gyp verb `which` failed   code: 'ENOENT' }
gyp verb could not find "python". checking python launcher
gyp verb could not find "python". guessing location
gyp verb ensuring that file exists: C:\Python27\python.exe
gyp ERR! configure error
gyp ERR! stack Error: Can't find Python executable "python", you can set the PYTHON env variable.
gyp ERR! stack     at PythonFinder.failNoPython (C:\Users\Jasen\Documents\websites\workwkay\user_stories_instruction\reacttut\01-Collapsible\02-Final\node_modules\node-gyp\lib\configure.js:484:19)
gyp ERR! stack     at PythonFinder.<anonymous> (C:\Users\Jasen\Documents\websites\workwkay\user_stories_instruction\reacttut\01-Collapsible\02-Final\node_modules\node-gyp\lib\configure.js:509:16)
gyp ERR! stack     at C:\Users\Jasen\Documents\websites\workwkay\user_stories_instruction\reacttut\01-Collapsible\02-Final\node_modules\graceful-fs\polyfills.js:282:31
gyp ERR! stack     at FSReqWrap.oncomplete (fs.js:152:21)
gyp ERR! System Windows_NT 10.0.17134
gyp ERR! command "C:\\Program Files\\nodejs\\node.exe" "C:\\Users\\Jasen\\Documents\\websites\\workwkay\\user_stories_instruction\\reacttut\\01-Collapsible\\02-Final\\node_modules\\node-gyp\\bin\\node-gyp.js" "rebuild" "--verbose" "--libsass_ext=" "--libsass_cflags=" "--libsass_ldflags=" "--libsass_library="
gyp ERR! cwd C:\Users\Jasen\Documents\websites\workwkay\user_stories_instruction\reacttut\01-Collapsible\02-Final\node_modules\node-sass
gyp ERR! node -v v8.11.3
gyp ERR! node-gyp -v v3.8.0
gyp ERR! not ok
Build failed with error code: 1
npm WARN webpack-starter@1.0.0 No repository field.
npm WARN optional SKIPPING OPTIONAL DEPENDENCY: fsevents@1.2.7 (node_modules\fsevents):
npm WARN notsup SKIPPING OPTIONAL DEPENDENCY: Unsupported platform for fsevents@1.2.7: wanted {"os":"darwin","arch":"any"} (current: {"os":"win32","arch":"x64"})

npm ERR! code ELIFECYCLE
npm ERR! errno 1
npm ERR! node-sass@4.4.0 postinstall: `node scripts/build.js`
npm ERR! Exit status 1
npm ERR!
npm ERR! Failed at the node-sass@4.4.0 postinstall script.
npm ERR! This is probably not a problem with npm. There is likely additional logging output above.

npm ERR! A complete log of this run can be found in:
npm ERR!     C:\Users\Jasen\AppData\Roaming\npm-cache\_logs\2019-01-28T18_28_44_520Z-debug.log

C:\Users\Jasen\Documents\websites\workwkay\user_stories_instruction\reacttut\01-Collapsible\02-Final>npm run dev

> webpack-starter@1.0.0 dev C:\Users\Jasen\Documents\websites\workwkay\user_stories_instruction\reacttut\01-Collapsible\02-Final
> webpack-dev-server

Project is running at http://localhost:8080/
webpack output is served from /
Content not from webpack is served from C:\Users\Jasen\Documents\websites\workwkay\user_stories_instruction\reacttut\01-Collapsible\02-Final\dist

ERROR in ./~/css-loader!./~/resolve-url-loader!./~/sass-loader?sourceMap!./~/bootstrap-loader/lib/bootstrap.styles.loader.js?{"bootstrapVersion":3,"preBootstrapCustomizations":"C://Users//Jasen//Documents//websites//workwkay//user_stories_instruction//reacttut//01-Collapsible//02-Final//src//scss//pre-customizations.scss","bootstrapCustomizations":"C://Users//Jasen//Documents//websites//workwkay//user_stories_instruction//reacttut//01-Collapsible//02-Final//src//scss//customizations.scss","appStyles":"C://Users//Jasen//Documents//websites//workwkay//user_stories_instruction//reacttut//01-Collapsible//02-Final//src//scss//app.scss","useCustomIconFontPath":false,"extractStyles":false,"styleLoaders":["style-loader","css-loader","sass-loader"],"styles":["mixins","normalize","print","glyphicons","scaffolding","type","code","grid","tables","forms","buttons","component-animations","dropdowns","button-groups","input-groups","navs","navbar","breadcrumbs","pagination","pager","labels","badges","jumbotron","thumbnails","alerts","progress-bars","media","list-group","panels","wells","responsive-embed","close","modals","tooltip","popovers","carousel","utilities","responsive-utilities"],"scripts":["transition","alert","button","carousel","collapse","dropdown","modal","tooltip","popover","scrollspy","tab","affix"],"configFilePath":"C://Users//Jasen//Documents//websites//workwkay//user_stories_instruction//reacttut//01-Collapsible//02-Final//.bootstraprc","bootstrapPath":"C://Users//Jasen//Documents//websites//workwkay//user_stories_instruction//reacttut//01-Collapsible//02-Final//~//bootstrap-sass","bootstrapRelPath":"..//bootstrap-sass"}!./~/bootstrap-loader/no-op.js
Module build failed: Error: Cannot find module 'node-sass'
    at Function.Module._resolveFilename (module.js:547:15)
    at Function.Module._load (module.js:474:25)
    at Module.require (module.js:596:17)
    at require (internal/module.js:11:18)
    at Object.<anonymous> (C:\Users\Jasen\Documents\websites\workwkay\user_stories_instruction\reacttut\01-Collapsible\02-Final\node_modules\sass-loader\index.js:4:12)
    at Module._compile (module.js:652:30)
    at Object.Module._extensions..js (module.js:663:10)
    at Module.load (module.js:565:32)
    at tryModuleLoad (module.js:505:12)
    at Function.Module._load (module.js:497:3)
    at Module.require (module.js:596:17)
    at require (internal/module.js:11:18)
    at loadLoader (C:\Users\Jasen\Documents\websites\workwkay\user_stories_instruction\reacttut\01-Collapsible\02-Final\node_modules\loader-runner\lib\loadLoader.js:18:17)
    at iteratePitchingLoaders (C:\Users\Jasen\Documents\websites\workwkay\user_stories_instruction\reacttut\01-Collapsible\02-Final\node_modules\loader-runner\lib\LoaderRunner.js:169:2)
    at iteratePitchingLoaders (C:\Users\Jasen\Documents\websites\workwkay\user_stories_instruction\reacttut\01-Collapsible\02-Final\node_modules\loader-runner\lib\LoaderRunner.js:165:10)
    at C:\Users\Jasen\Documents\websites\workwkay\user_stories_instruction\reacttut\01-Collapsible\02-Final\node_modules\loader-runner\lib\LoaderRunner.js:176:18
 @ ./~/style-loader!./~/css-loader!./~/resolve-url-loader!./~/sass-loader?sourceMap!./~/bootstrap-loader/lib/bootstrap.styles.loader.js?{"bootstrapVersion":3,"preBootstrapCustomizations":"C://Users//Jasen//Documents//websites//workwkay//user_stories_instruction//reacttut//01-Collapsible//02-Final//src//scss//pre-customizations.scss","bootstrapCustomizations":"C://Users//Jasen//Documents//websites//workwkay//user_stories_instruction//reacttut//01-Collapsible//02-Final//src//scss//customizations.scss","appStyles":"C://Users//Jasen//Documents//websites//workwkay//user_stories_instruction//reacttut//01-Collapsible//02-Final//src//scss//app.scss","useCustomIconFontPath":false,"extractStyles":false,"styleLoaders":["style-loader","css-loader","sass-loader"],"styles":["mixins","normalize","print","glyphicons","scaffolding","type","code","grid","tables","forms","buttons","component-animations","dropdowns","button-groups","input-groups","navs","navbar","breadcrumbs","pagination","pager","labels","badges","jumbotron","thumbnails","alerts","progress-bars","media","list-group","panels","wells","responsive-embed","close","modals","tooltip","popovers","carousel","utilities","responsive-utilities"],"scripts":["transition","alert","button","carousel","collapse","dropdown","modal","tooltip","popover","scrollspy","tab","affix"],"configFilePath":"C://Users//Jasen//Documents//websites//workwkay//user_stories_instruction//reacttut//01-Collapsible//02-Final//.bootstraprc","bootstrapPath":"C://Users//Jasen//Documents//websites//workwkay//user_stories_instruction//reacttut//01-Collapsible//02-Final//~//bootstrap-sass","bootstrapRelPath":"..//bootstrap-sass"}!./~/bootstrap-loader/no-op.js 4:14-1953
 @ ./~/bootstrap-loader/lib/bootstrap.loader.js!./~/bootstrap-loader/no-op.js
 @ ./~/bootstrap-loader/loader.js
 @ multi (webpack)-dev-server/client?http://localhost:8080 bootstrap-loader

ERROR in ./src/scss/app.scss
Module build failed: ModuleBuildError: Module build failed: Error: Cannot find module 'node-sass'
    at Function.Module._resolveFilename (module.js:547:15)
    at Function.Module._load (module.js:474:25)
    at Module.require (module.js:596:17)
    at require (internal/module.js:11:18)
    at Object.<anonymous> (C:\Users\Jasen\Documents\websites\workwkay\user_stories_instruction\reacttut\01-Collapsible\02-Final\node_modules\sass-loader\index.js:4:12)
    at Module._compile (module.js:652:30)
    at Object.Module._extensions..js (module.js:663:10)
    at Module.load (module.js:565:32)
    at tryModuleLoad (module.js:505:12)
    at Function.Module._load (module.js:497:3)
    at Module.require (module.js:596:17)
    at require (internal/module.js:11:18)
    at loadLoader (C:\Users\Jasen\Documents\websites\workwkay\user_stories_instruction\reacttut\01-Collapsible\02-Final\node_modules\loader-runner\lib\loadLoader.js:18:17)
    at iteratePitchingLoaders (C:\Users\Jasen\Documents\websites\workwkay\user_stories_instruction\reacttut\01-Collapsible\02-Final\node_modules\loader-runner\lib\LoaderRunner.js:169:2)
    at iteratePitchingLoaders (C:\Users\Jasen\Documents\websites\workwkay\user_stories_instruction\reacttut\01-Collapsible\02-Final\node_modules\loader-runner\lib\LoaderRunner.js:165:10)
    at C:\Users\Jasen\Documents\websites\workwkay\user_stories_instruction\reacttut\01-Collapsible\02-Final\node_modules\loader-runner\lib\LoaderRunner.js:176:18
    at C:\Users\Jasen\Documents\websites\workwkay\user_stories_instruction\reacttut\01-Collapsible\02-Final\node_modules\webpack\lib\NormalModule.js:141:35
    at C:\Users\Jasen\Documents\websites\workwkay\user_stories_instruction\reacttut\01-Collapsible\02-Final\node_modules\loader-runner\lib\LoaderRunner.js:367:11
    at C:\Users\Jasen\Documents\websites\workwkay\user_stories_instruction\reacttut\01-Collapsible\02-Final\node_modules\loader-runner\lib\LoaderRunner.js:172:11
    at loadLoader (C:\Users\Jasen\Documents\websites\workwkay\user_stories_instruction\reacttut\01-Collapsible\02-Final\node_modules\loader-runner\lib\loadLoader.js:32:11)
    at iteratePitchingLoaders (C:\Users\Jasen\Documents\websites\workwkay\user_stories_instruction\reacttut\01-Collapsible\02-Final\node_modules\loader-runner\lib\LoaderRunner.js:169:2)
    at iteratePitchingLoaders (C:\Users\Jasen\Documents\websites\workwkay\user_stories_instruction\reacttut\01-Collapsible\02-Final\node_modules\loader-runner\lib\LoaderRunner.js:165:10)
    at C:\Users\Jasen\Documents\websites\workwkay\user_stories_instruction\reacttut\01-Collapsible\02-Final\node_modules\loader-runner\lib\LoaderRunner.js:176:18
    at loadLoader (C:\Users\Jasen\Documents\websites\workwkay\user_stories_instruction\reacttut\01-Collapsible\02-Final\node_modules\loader-runner\lib\loadLoader.js:47:3)
    at iteratePitchingLoaders (C:\Users\Jasen\Documents\websites\workwkay\user_stories_instruction\reacttut\01-Collapsible\02-Final\node_modules\loader-runner\lib\LoaderRunner.js:169:2)
    at runLoaders (C:\Users\Jasen\Documents\websites\workwkay\user_stories_instruction\reacttut\01-Collapsible\02-Final\node_modules\loader-runner\lib\LoaderRunner.js:365:2)
    at NormalModule.doBuild (C:\Users\Jasen\Documents\websites\workwkay\user_stories_instruction\reacttut\01-Collapsible\02-Final\node_modules\webpack\lib\NormalModule.js:129:2)
    at NormalModule.build (C:\Users\Jasen\Documents\websites\workwkay\user_stories_instruction\reacttut\01-Collapsible\02-Final\node_modules\webpack\lib\NormalModule.js:180:15)
    at Compilation.buildModule (C:\Users\Jasen\Documents\websites\workwkay\user_stories_instruction\reacttut\01-Collapsible\02-Final\node_modules\webpack\lib\Compilation.js:127:10)
    at moduleFactory.create (C:\Users\Jasen\Documents\websites\workwkay\user_stories_instruction\reacttut\01-Collapsible\02-Final\node_modules\webpack\lib\Compilation.js:404:9)
    at C:\Users\Jasen\Documents\websites\workwkay\user_stories_instruction\reacttut\01-Collapsible\02-Final\node_modules\webpack\lib\NormalModuleFactory.js:242:4
    at C:\Users\Jasen\Documents\websites\workwkay\user_stories_instruction\reacttut\01-Collapsible\02-Final\node_modules\webpack\lib\NormalModuleFactory.js:93:13
 @ ./src/index.js 3:11-37
 @ multi (webpack)-dev-server/client?http://localhost:8080 ./src/index.js

ERROR in ./src/scss/app.scss
Module build failed: ModuleBuildError: Module build failed: Error: Cannot find module 'node-sass'
    at Function.Module._resolveFilename (module.js:547:15)
    at Function.Module._load (module.js:474:25)
    at Module.require (module.js:596:17)
    at require (internal/module.js:11:18)
    at Object.<anonymous> (C:\Users\Jasen\Documents\websites\workwkay\user_stories_instruction\reacttut\01-Collapsible\02-Final\node_modules\sass-loader\index.js:4:12)
    at Module._compile (module.js:652:30)
    at Object.Module._extensions..js (module.js:663:10)
    at Module.load (module.js:565:32)
    at tryModuleLoad (module.js:505:12)
    at Function.Module._load (module.js:497:3)
    at Module.require (module.js:596:17)
    at require (internal/module.js:11:18)
    at loadLoader (C:\Users\Jasen\Documents\websites\workwkay\user_stories_instruction\reacttut\01-Collapsible\02-Final\node_modules\loader-runner\lib\loadLoader.js:18:17)
    at iteratePitchingLoaders (C:\Users\Jasen\Documents\websites\workwkay\user_stories_instruction\reacttut\01-Collapsible\02-Final\node_modules\loader-runner\lib\LoaderRunner.js:169:2)
    at iteratePitchingLoaders (C:\Users\Jasen\Documents\websites\workwkay\user_stories_instruction\reacttut\01-Collapsible\02-Final\node_modules\loader-runner\lib\LoaderRunner.js:165:10)
    at C:\Users\Jasen\Documents\websites\workwkay\user_stories_instruction\reacttut\01-Collapsible\02-Final\node_modules\loader-runner\lib\LoaderRunner.js:176:18
    at C:\Users\Jasen\Documents\websites\workwkay\user_stories_instruction\reacttut\01-Collapsible\02-Final\node_modules\webpack\lib\NormalModule.js:141:35
    at C:\Users\Jasen\Documents\websites\workwkay\user_stories_instruction\reacttut\01-Collapsible\02-Final\node_modules\loader-runner\lib\LoaderRunner.js:367:11
    at C:\Users\Jasen\Documents\websites\workwkay\user_stories_instruction\reacttut\01-Collapsible\02-Final\node_modules\loader-runner\lib\LoaderRunner.js:172:11
    at loadLoader (C:\Users\Jasen\Documents\websites\workwkay\user_stories_instruction\reacttut\01-Collapsible\02-Final\node_modules\loader-runner\lib\loadLoader.js:32:11)
    at iteratePitchingLoaders (C:\Users\Jasen\Documents\websites\workwkay\user_stories_instruction\reacttut\01-Collapsible\02-Final\node_modules\loader-runner\lib\LoaderRunner.js:169:2)
    at iteratePitchingLoaders (C:\Users\Jasen\Documents\websites\workwkay\user_stories_instruction\reacttut\01-Collapsible\02-Final\node_modules\loader-runner\lib\LoaderRunner.js:165:10)
    at C:\Users\Jasen\Documents\websites\workwkay\user_stories_instruction\reacttut\01-Collapsible\02-Final\node_modules\loader-runner\lib\LoaderRunner.js:176:18
    at loadLoader (C:\Users\Jasen\Documents\websites\workwkay\user_stories_instruction\reacttut\01-Collapsible\02-Final\node_modules\loader-runner\lib\loadLoader.js:47:3)
    at iteratePitchingLoaders (C:\Users\Jasen\Documents\websites\workwkay\user_stories_instruction\reacttut\01-Collapsible\02-Final\node_modules\loader-runner\lib\LoaderRunner.js:169:2)
    at runLoaders (C:\Users\Jasen\Documents\websites\workwkay\user_stories_instruction\reacttut\01-Collapsible\02-Final\node_modules\loader-runner\lib\LoaderRunner.js:365:2)
    at NormalModule.doBuild (C:\Users\Jasen\Documents\websites\workwkay\user_stories_instruction\reacttut\01-Collapsible\02-Final\node_modules\webpack\lib\NormalModule.js:129:2)
    at NormalModule.build (C:\Users\Jasen\Documents\websites\workwkay\user_stories_instruction\reacttut\01-Collapsible\02-Final\node_modules\webpack\lib\NormalModule.js:180:15)
    at Compilation.buildModule (C:\Users\Jasen\Documents\websites\workwkay\user_stories_instruction\reacttut\01-Collapsible\02-Final\node_modules\webpack\lib\Compilation.js:127:10)
    at moduleFactory.create (C:\Users\Jasen\Documents\websites\workwkay\user_stories_instruction\reacttut\01-Collapsible\02-Final\node_modules\webpack\lib\Compilation.js:404:9)
    at C:\Users\Jasen\Documents\websites\workwkay\user_stories_instruction\reacttut\01-Collapsible\02-Final\node_modules\webpack\lib\NormalModuleFactory.js:242:4
    at C:\Users\Jasen\Documents\websites\workwkay\user_stories_instruction\reacttut\01-Collapsible\02-Final\node_modules\webpack\lib\NormalModuleFactory.js:93:13

ERROR in C:\Users\Jasen\Documents\websites\workwkay\user_stories_instruction\reacttut\01-Collapsible\02-Final\node_modules\extract-text-webpack-plugin\loader.js?{"omit":1,"remove":true,"publicPath":"/dist"}!C:\Users\Jasen\Documents\websites\workwkay\user_stories_instruction\reacttut\01-Collapsible\02-Final\node_modules\style-loader\index.js!C:\Users\Jasen\Documents\websites\workwkay\user_stories_instruction\reacttut\01-Collapsible\02-Final\node_modules\css-loader\index.js!C:\Users\Jasen\Documents\websites\workwkay\user_stories_instruction\reacttut\01-Collapsible\02-Final\node_modules\sass-loader\index.js!C:\Users\Jasen\Documents\websites\workwkay\user_stories_instruction\reacttut\01-Collapsible\02-Final\src\scss\app.scss doesn't export content
Child extract-text-webpack-plugin:

    ERROR in ./~/css-loader!./~/sass-loader!./src/scss/app.scss
    Module build failed: Error: Cannot find module 'node-sass'
        at Function.Module._resolveFilename (module.js:547:15)
        at Function.Module._load (module.js:474:25)
        at Module.require (module.js:596:17)
        at require (internal/module.js:11:18)
        at Object.<anonymous> (C:\Users\Jasen\Documents\websites\workwkay\user_stories_instruction\reacttut\01-Collapsible\02-Final\node_modules\sass-loader\index.js:4:12)
        at Module._compile (module.js:652:30)
        at Object.Module._extensions..js (module.js:663:10)
        at Module.load (module.js:565:32)
        at tryModuleLoad (module.js:505:12)
        at Function.Module._load (module.js:497:3)
        at Module.require (module.js:596:17)
        at require (internal/module.js:11:18)
        at loadLoader (C:\Users\Jasen\Documents\websites\workwkay\user_stories_instruction\reacttut\01-Collapsible\02-Final\node_modules\loader-runner\lib\loadLoader.js:18:17)
        at iteratePitchingLoaders (C:\Users\Jasen\Documents\websites\workwkay\user_stories_instruction\reacttut\01-Collapsible\02-Final\node_modules\loader-runner\lib\LoaderRunner.js:169:2)
        at iteratePitchingLoaders (C:\Users\Jasen\Documents\websites\workwkay\user_stories_instruction\reacttut\01-Collapsible\02-Final\node_modules\loader-runner\lib\LoaderRunner.js:165:10)
        at C:\Users\Jasen\Documents\websites\workwkay\user_stories_instruction\reacttut\01-Collapsible\02-Final\node_modules\loader-runner\lib\LoaderRunner.js:176:18
Child extract-text-webpack-plugin:

    ERROR in ./~/css-loader!./~/sass-loader!./src/scss/app.scss
    Module build failed: Error: Cannot find module 'node-sass'
        at Function.Module._resolveFilename (module.js:547:15)
        at Function.Module._load (module.js:474:25)
        at Module.require (module.js:596:17)
        at require (internal/module.js:11:18)
        at Object.<anonymous> (C:\Users\Jasen\Documents\websites\workwkay\user_stories_instruction\reacttut\01-Collapsible\02-Final\node_modules\sass-loader\index.js:4:12)
        at Module._compile (module.js:652:30)
        at Object.Module._extensions..js (module.js:663:10)
        at Module.load (module.js:565:32)
        at tryModuleLoad (module.js:505:12)
        at Function.Module._load (module.js:497:3)
        at Module.require (module.js:596:17)
        at require (internal/module.js:11:18)
        at loadLoader (C:\Users\Jasen\Documents\websites\workwkay\user_stories_instruction\reacttut\01-Collapsible\02-Final\node_modules\loader-runner\lib\loadLoader.js:18:17)
        at iteratePitchingLoaders (C:\Users\Jasen\Documents\websites\workwkay\user_stories_instruction\reacttut\01-Collapsible\02-Final\node_modules\loader-runner\lib\LoaderRunner.js:169:2)
        at iteratePitchingLoaders (C:\Users\Jasen\Documents\websites\workwkay\user_stories_instruction\reacttut\01-Collapsible\02-Final\node_modules\loader-runner\lib\LoaderRunner.js:165:10)
        at C:\Users\Jasen\Documents\websites\workwkay\user_stories_instruction\reacttut\01-Collapsible\02-Final\node_modules\loader-runner\lib\LoaderRunner.js:176:18
webpack: Failed to compile.
Terminate batch job (Y/N)? y

C:\Users\Jasen\Documents\websites\workwkay\user_stories_instruction\reacttut\01-Collapsible\02-Final>npm i

> node-sass@4.4.0 install C:\Users\Jasen\Documents\websites\workwkay\user_stories_instruction\reacttut\01-Collapsible\02-Final\node_modules\node-sass
> node scripts/install.js

Downloading binary from https://github.com/sass/node-sass/releases/download/v4.4.0/win32-x64-57_binding.node
Cannot download "https://github.com/sass/node-sass/releases/download/v4.4.0/win32-x64-57_binding.node":

HTTP error 404 Not Found

Hint: If github.com is not accessible in your location
      try setting a proxy via HTTP_PROXY, e.g.

      export HTTP_PROXY=http://example.com:1234

or configure npm proxy via

      npm config set proxy http://example.com:8080

> node-sass@4.4.0 postinstall C:\Users\Jasen\Documents\websites\workwkay\user_stories_instruction\reacttut\01-Collapsible\02-Final\node_modules\node-sass
> node scripts/build.js

Building: C:\Program Files\nodejs\node.exe C:\Users\Jasen\Documents\websites\workwkay\user_stories_instruction\reacttut\01-Collapsible\02-Final\node_modules\node-gyp\bin\node-gyp.js rebuild --verbose --libsass_ext= --libsass_cflags= --libsass_ldflags= --libsass_library=
gyp info it worked if it ends with ok
gyp verb cli [ 'C:\\Program Files\\nodejs\\node.exe',
gyp verb cli   'C:\\Users\\Jasen\\Documents\\websites\\workwkay\\user_stories_instruction\\reacttut\\01-Collapsible\\02-Final\\node_modules\\node-gyp\\bin\\node-gyp.js',
gyp verb cli   'rebuild',
gyp verb cli   '--verbose',
gyp verb cli   '--libsass_ext=',
gyp verb cli   '--libsass_cflags=',
gyp verb cli   '--libsass_ldflags=',
gyp verb cli   '--libsass_library=' ]
gyp info using node-gyp@3.8.0
gyp info using node@8.11.3 | win32 | x64
gyp verb command rebuild []
gyp verb command clean []
gyp verb clean removing "build" directory
gyp verb command configure []
gyp verb check python checking for Python executable "python2" in the PATH
gyp verb `which` failed Error: not found: python2
gyp verb `which` failed     at getNotFoundError (C:\Users\Jasen\Documents\websites\workwkay\user_stories_instruction\reacttut\01-Collapsible\02-Final\node_modules\which\which.js:13:12)
gyp verb `which` failed     at F (C:\Users\Jasen\Documents\websites\workwkay\user_stories_instruction\reacttut\01-Collapsible\02-Final\node_modules\which\which.js:68:19)
gyp verb `which` failed     at E (C:\Users\Jasen\Documents\websites\workwkay\user_stories_instruction\reacttut\01-Collapsible\02-Final\node_modules\which\which.js:80:29)
gyp verb `which` failed     at C:\Users\Jasen\Documents\websites\workwkay\user_stories_instruction\reacttut\01-Collapsible\02-Final\node_modules\which\which.js:89:16
gyp verb `which` failed     at C:\Users\Jasen\Documents\websites\workwkay\user_stories_instruction\reacttut\01-Collapsible\02-Final\node_modules\isexe\index.js:42:5
gyp verb `which` failed     at C:\Users\Jasen\Documents\websites\workwkay\user_stories_instruction\reacttut\01-Collapsible\02-Final\node_modules\isexe\windows.js:36:5
gyp verb `which` failed     at FSReqWrap.oncomplete (fs.js:152:21)
gyp verb `which` failed  python2 { Error: not found: python2
gyp verb `which` failed     at getNotFoundError (C:\Users\Jasen\Documents\websites\workwkay\user_stories_instruction\reacttut\01-Collapsible\02-Final\node_modules\which\which.js:13:12)
gyp verb `which` failed     at F (C:\Users\Jasen\Documents\websites\workwkay\user_stories_instruction\reacttut\01-Collapsible\02-Final\node_modules\which\which.js:68:19)
gyp verb `which` failed     at E (C:\Users\Jasen\Documents\websites\workwkay\user_stories_instruction\reacttut\01-Collapsible\02-Final\node_modules\which\which.js:80:29)
gyp verb `which` failed     at C:\Users\Jasen\Documents\websites\workwkay\user_stories_instruction\reacttut\01-Collapsible\02-Final\node_modules\which\which.js:89:16
gyp verb `which` failed     at C:\Users\Jasen\Documents\websites\workwkay\user_stories_instruction\reacttut\01-Collapsible\02-Final\node_modules\isexe\index.js:42:5
gyp verb `which` failed     at C:\Users\Jasen\Documents\websites\workwkay\user_stories_instruction\reacttut\01-Collapsible\02-Final\node_modules\isexe\windows.js:36:5
gyp verb `which` failed     at FSReqWrap.oncomplete (fs.js:152:21)
gyp verb `which` failed   stack: 'Error: not found: python2\n    at getNotFoundError (C:\\Users\\Jasen\\Documents\\websites\\workwkay\\user_stories_instruction\\reacttut\\01-Collapsible\\02-Final\\node_modules\\which\\which.js:13:12)\n    at F (C:\\Users\\Jasen\\Documents\\websites\\workwkay\\user_stories_instruction\\reacttut\\01-Collapsible\\02-Final\\node_modules\\which\\which.js:68:19)\n    at E (C:\\Users\\Jasen\\Documents\\websites\\workwkay\\user_stories_instruction\\reacttut\\01-Collapsible\\02-Final\\node_modules\\which\\which.js:80:29)\n    at C:\\Users\\Jasen\\Documents\\websites\\workwkay\\user_stories_instruction\\reacttut\\01-Collapsible\\02-Final\\node_modules\\which\\which.js:89:16\n    at C:\\Users\\Jasen\\Documents\\websites\\workwkay\\user_stories_instruction\\reacttut\\01-Collapsible\\02-Final\\node_modules\\isexe\\index.js:42:5\n    at C:\\Users\\Jasen\\Documents\\websites\\workwkay\\user_stories_instruction\\reacttut\\01-Collapsible\\02-Final\\node_modules\\isexe\\windows.js:36:5\n    at FSReqWrap.oncomplete (fs.js:152:21)',
gyp verb `which` failed   code: 'ENOENT' }
gyp verb check python checking for Python executable "python" in the PATH
gyp verb `which` failed Error: not found: python
gyp verb `which` failed     at getNotFoundError (C:\Users\Jasen\Documents\websites\workwkay\user_stories_instruction\reacttut\01-Collapsible\02-Final\node_modules\which\which.js:13:12)
gyp verb `which` failed     at F (C:\Users\Jasen\Documents\websites\workwkay\user_stories_instruction\reacttut\01-Collapsible\02-Final\node_modules\which\which.js:68:19)
gyp verb `which` failed     at E (C:\Users\Jasen\Documents\websites\workwkay\user_stories_instruction\reacttut\01-Collapsible\02-Final\node_modules\which\which.js:80:29)
gyp verb `which` failed     at C:\Users\Jasen\Documents\websites\workwkay\user_stories_instruction\reacttut\01-Collapsible\02-Final\node_modules\which\which.js:89:16
gyp verb `which` failed     at C:\Users\Jasen\Documents\websites\workwkay\user_stories_instruction\reacttut\01-Collapsible\02-Final\node_modules\isexe\index.js:42:5
gyp verb `which` failed     at C:\Users\Jasen\Documents\websites\workwkay\user_stories_instruction\reacttut\01-Collapsible\02-Final\node_modules\isexe\windows.js:36:5
gyp verb `which` failed     at FSReqWrap.oncomplete (fs.js:152:21)
gyp verb `which` failed  python { Error: not found: python
gyp verb `which` failed     at getNotFoundError (C:\Users\Jasen\Documents\websites\workwkay\user_stories_instruction\reacttut\01-Collapsible\02-Final\node_modules\which\which.js:13:12)
gyp verb `which` failed     at F (C:\Users\Jasen\Documents\websites\workwkay\user_stories_instruction\reacttut\01-Collapsible\02-Final\node_modules\which\which.js:68:19)
gyp verb `which` failed     at E (C:\Users\Jasen\Documents\websites\workwkay\user_stories_instruction\reacttut\01-Collapsible\02-Final\node_modules\which\which.js:80:29)
gyp verb `which` failed     at C:\Users\Jasen\Documents\websites\workwkay\user_stories_instruction\reacttut\01-Collapsible\02-Final\node_modules\which\which.js:89:16
gyp verb `which` failed     at C:\Users\Jasen\Documents\websites\workwkay\user_stories_instruction\reacttut\01-Collapsible\02-Final\node_modules\isexe\index.js:42:5
gyp verb `which` failed     at C:\Users\Jasen\Documents\websites\workwkay\user_stories_instruction\reacttut\01-Collapsible\02-Final\node_modules\isexe\windows.js:36:5
gyp verb `which` failed     at FSReqWrap.oncomplete (fs.js:152:21)
gyp verb `which` failed   stack: 'Error: not found: python\n    at getNotFoundError (C:\\Users\\Jasen\\Documents\\websites\\workwkay\\user_stories_instruction\\reacttut\\01-Collapsible\\02-Final\\node_modules\\which\\which.js:13:12)\n    at F (C:\\Users\\Jasen\\Documents\\websites\\workwkay\\user_stories_instruction\\reacttut\\01-Collapsible\\02-Final\\node_modules\\which\\which.js:68:19)\n    at E (C:\\Users\\Jasen\\Documents\\websites\\workwkay\\user_stories_instruction\\reacttut\\01-Collapsible\\02-Final\\node_modules\\which\\which.js:80:29)\n    at C:\\Users\\Jasen\\Documents\\websites\\workwkay\\user_stories_instruction\\reacttut\\01-Collapsible\\02-Final\\node_modules\\which\\which.js:89:16\n    at C:\\Users\\Jasen\\Documents\\websites\\workwkay\\user_stories_instruction\\reacttut\\01-Collapsible\\02-Final\\node_modules\\isexe\\index.js:42:5\n    at C:\\Users\\Jasen\\Documents\\websites\\workwkay\\user_stories_instruction\\reacttut\\01-Collapsible\\02-Final\\node_modules\\isexe\\windows.js:36:5\n    at FSReqWrap.oncomplete (fs.js:152:21)',
gyp verb `which` failed   code: 'ENOENT' }
gyp verb could not find "python". checking python launcher
gyp verb could not find "python". guessing location
gyp verb ensuring that file exists: C:\Python27\python.exe
gyp ERR! configure error
gyp ERR! stack Error: Can't find Python executable "python", you can set the PYTHON env variable.
gyp ERR! stack     at PythonFinder.failNoPython (C:\Users\Jasen\Documents\websites\workwkay\user_stories_instruction\reacttut\01-Collapsible\02-Final\node_modules\node-gyp\lib\configure.js:484:19)
gyp ERR! stack     at PythonFinder.<anonymous> (C:\Users\Jasen\Documents\websites\workwkay\user_stories_instruction\reacttut\01-Collapsible\02-Final\node_modules\node-gyp\lib\configure.js:509:16)
gyp ERR! stack     at C:\Users\Jasen\Documents\websites\workwkay\user_stories_instruction\reacttut\01-Collapsible\02-Final\node_modules\graceful-fs\polyfills.js:282:31
gyp ERR! stack     at FSReqWrap.oncomplete (fs.js:152:21)
gyp ERR! System Windows_NT 10.0.17134
gyp ERR! command "C:\\Program Files\\nodejs\\node.exe" "C:\\Users\\Jasen\\Documents\\websites\\workwkay\\user_stories_instruction\\reacttut\\01-Collapsible\\02-Final\\node_modules\\node-gyp\\bin\\node-gyp.js" "rebuild" "--verbose" "--libsass_ext=" "--libsass_cflags=" "--libsass_ldflags=" "--libsass_library="
gyp ERR! cwd C:\Users\Jasen\Documents\websites\workwkay\user_stories_instruction\reacttut\01-Collapsible\02-Final\node_modules\node-sass
gyp ERR! node -v v8.11.3
gyp ERR! node-gyp -v v3.8.0
gyp ERR! not ok
Build failed with error code: 1
npm WARN webpack-starter@1.0.0 No repository field.
npm WARN optional SKIPPING OPTIONAL DEPENDENCY: fsevents@1.2.7 (node_modules\fsevents):
npm WARN notsup SKIPPING OPTIONAL DEPENDENCY: Unsupported platform for fsevents@1.2.7: wanted {"os":"darwin","arch":"any"} (current: {"os":"win32","arch":"x64"})

npm ERR! code ELIFECYCLE
npm ERR! errno 1
npm ERR! node-sass@4.4.0 postinstall: `node scripts/build.js`
npm ERR! Exit status 1
npm ERR!
npm ERR! Failed at the node-sass@4.4.0 postinstall script.
npm ERR! This is probably not a problem with npm. There is likely additional logging output above.

npm ERR! A complete log of this run can be found in:
npm ERR!     C:\Users\Jasen\AppData\Roaming\npm-cache\_logs\2019-01-28T18_39_44_724Z-debug.log

C:\Users\Jasen\Documents\websites\workwkay\user_stories_instruction\reacttut\01-Collapsible\02-Final>npm install node-sass

> node-sass@4.4.0 install C:\Users\Jasen\Documents\websites\workwkay\user_stories_instruction\reacttut\01-Collapsible\02-Final\node_modules\node-sass
> node scripts/install.js

Downloading binary from https://github.com/sass/node-sass/releases/download/v4.4.0/win32-x64-57_binding.node
Cannot download "https://github.com/sass/node-sass/releases/download/v4.4.0/win32-x64-57_binding.node":

HTTP error 404 Not Found

Hint: If github.com is not accessible in your location
      try setting a proxy via HTTP_PROXY, e.g.

      export HTTP_PROXY=http://example.com:1234

or configure npm proxy via

      npm config set proxy http://example.com:8080

> node-sass@4.4.0 postinstall C:\Users\Jasen\Documents\websites\workwkay\user_stories_instruction\reacttut\01-Collapsible\02-Final\node_modules\node-sass
> node scripts/build.js

Building: C:\Program Files\nodejs\node.exe C:\Users\Jasen\Documents\websites\workwkay\user_stories_instruction\reacttut\01-Collapsible\02-Final\node_modules\node-gyp\bin\node-gyp.js rebuild --verbose --libsass_ext= --libsass_cflags= --libsass_ldflags= --libsass_library=
gyp info it worked if it ends with ok
gyp verb cli [ 'C:\\Program Files\\nodejs\\node.exe',
gyp verb cli   'C:\\Users\\Jasen\\Documents\\websites\\workwkay\\user_stories_instruction\\reacttut\\01-Collapsible\\02-Final\\node_modules\\node-gyp\\bin\\node-gyp.js',
gyp verb cli   'rebuild',
gyp verb cli   '--verbose',
gyp verb cli   '--libsass_ext=',
gyp verb cli   '--libsass_cflags=',
gyp verb cli   '--libsass_ldflags=',
gyp verb cli   '--libsass_library=' ]
gyp info using node-gyp@3.8.0
gyp info using node@8.11.3 | win32 | x64
gyp verb command rebuild []
gyp verb command clean []
gyp verb clean removing "build" directory
gyp verb command configure []
gyp verb check python checking for Python executable "python2" in the PATH
gyp verb `which` failed Error: not found: python2
gyp verb `which` failed     at getNotFoundError (C:\Users\Jasen\Documents\websites\workwkay\user_stories_instruction\reacttut\01-Collapsible\02-Final\node_modules\which\which.js:13:12)
gyp verb `which` failed     at F (C:\Users\Jasen\Documents\websites\workwkay\user_stories_instruction\reacttut\01-Collapsible\02-Final\node_modules\which\which.js:68:19)
gyp verb `which` failed     at E (C:\Users\Jasen\Documents\websites\workwkay\user_stories_instruction\reacttut\01-Collapsible\02-Final\node_modules\which\which.js:80:29)
gyp verb `which` failed     at C:\Users\Jasen\Documents\websites\workwkay\user_stories_instruction\reacttut\01-Collapsible\02-Final\node_modules\which\which.js:89:16
gyp verb `which` failed     at C:\Users\Jasen\Documents\websites\workwkay\user_stories_instruction\reacttut\01-Collapsible\02-Final\node_modules\isexe\index.js:42:5
gyp verb `which` failed     at C:\Users\Jasen\Documents\websites\workwkay\user_stories_instruction\reacttut\01-Collapsible\02-Final\node_modules\isexe\windows.js:36:5
gyp verb `which` failed     at FSReqWrap.oncomplete (fs.js:152:21)
gyp verb `which` failed  python2 { Error: not found: python2
gyp verb `which` failed     at getNotFoundError (C:\Users\Jasen\Documents\websites\workwkay\user_stories_instruction\reacttut\01-Collapsible\02-Final\node_modules\which\which.js:13:12)
gyp verb `which` failed     at F (C:\Users\Jasen\Documents\websites\workwkay\user_stories_instruction\reacttut\01-Collapsible\02-Final\node_modules\which\which.js:68:19)
gyp verb `which` failed     at E (C:\Users\Jasen\Documents\websites\workwkay\user_stories_instruction\reacttut\01-Collapsible\02-Final\node_modules\which\which.js:80:29)
gyp verb `which` failed     at C:\Users\Jasen\Documents\websites\workwkay\user_stories_instruction\reacttut\01-Collapsible\02-Final\node_modules\which\which.js:89:16
gyp verb `which` failed     at C:\Users\Jasen\Documents\websites\workwkay\user_stories_instruction\reacttut\01-Collapsible\02-Final\node_modules\isexe\index.js:42:5
gyp verb `which` failed     at C:\Users\Jasen\Documents\websites\workwkay\user_stories_instruction\reacttut\01-Collapsible\02-Final\node_modules\isexe\windows.js:36:5
gyp verb `which` failed     at FSReqWrap.oncomplete (fs.js:152:21)
gyp verb `which` failed   stack: 'Error: not found: python2\n    at getNotFoundError (C:\\Users\\Jasen\\Documents\\websites\\workwkay\\user_stories_instruction\\reacttut\\01-Collapsible\\02-Final\\node_modules\\which\\which.js:13:12)\n    at F (C:\\Users\\Jasen\\Documents\\websites\\workwkay\\user_stories_instruction\\reacttut\\01-Collapsible\\02-Final\\node_modules\\which\\which.js:68:19)\n    at E (C:\\Users\\Jasen\\Documents\\websites\\workwkay\\user_stories_instruction\\reacttut\\01-Collapsible\\02-Final\\node_modules\\which\\which.js:80:29)\n    at C:\\Users\\Jasen\\Documents\\websites\\workwkay\\user_stories_instruction\\reacttut\\01-Collapsible\\02-Final\\node_modules\\which\\which.js:89:16\n    at C:\\Users\\Jasen\\Documents\\websites\\workwkay\\user_stories_instruction\\reacttut\\01-Collapsible\\02-Final\\node_modules\\isexe\\index.js:42:5\n    at C:\\Users\\Jasen\\Documents\\websites\\workwkay\\user_stories_instruction\\reacttut\\01-Collapsible\\02-Final\\node_modules\\isexe\\windows.js:36:5\n    at FSReqWrap.oncomplete (fs.js:152:21)',
gyp verb `which` failed   code: 'ENOENT' }
gyp verb check python checking for Python executable "python" in the PATH
gyp verb `which` failed Error: not found: python
gyp verb `which` failed     at getNotFoundError (C:\Users\Jasen\Documents\websites\workwkay\user_stories_instruction\reacttut\01-Collapsible\02-Final\node_modules\which\which.js:13:12)
gyp verb `which` failed     at F (C:\Users\Jasen\Documents\websites\workwkay\user_stories_instruction\reacttut\01-Collapsible\02-Final\node_modules\which\which.js:68:19)
gyp verb `which` failed     at E (C:\Users\Jasen\Documents\websites\workwkay\user_stories_instruction\reacttut\01-Collapsible\02-Final\node_modules\which\which.js:80:29)
gyp verb `which` failed     at C:\Users\Jasen\Documents\websites\workwkay\user_stories_instruction\reacttut\01-Collapsible\02-Final\node_modules\which\which.js:89:16
gyp verb `which` failed     at C:\Users\Jasen\Documents\websites\workwkay\user_stories_instruction\reacttut\01-Collapsible\02-Final\node_modules\isexe\index.js:42:5
gyp verb `which` failed     at C:\Users\Jasen\Documents\websites\workwkay\user_stories_instruction\reacttut\01-Collapsible\02-Final\node_modules\isexe\windows.js:36:5
gyp verb `which` failed     at FSReqWrap.oncomplete (fs.js:152:21)
gyp verb `which` failed  python { Error: not found: python
gyp verb `which` failed     at getNotFoundError (C:\Users\Jasen\Documents\websites\workwkay\user_stories_instruction\reacttut\01-Collapsible\02-Final\node_modules\which\which.js:13:12)
gyp verb `which` failed     at F (C:\Users\Jasen\Documents\websites\workwkay\user_stories_instruction\reacttut\01-Collapsible\02-Final\node_modules\which\which.js:68:19)
gyp verb `which` failed     at E (C:\Users\Jasen\Documents\websites\workwkay\user_stories_instruction\reacttut\01-Collapsible\02-Final\node_modules\which\which.js:80:29)
gyp verb `which` failed     at C:\Users\Jasen\Documents\websites\workwkay\user_stories_instruction\reacttut\01-Collapsible\02-Final\node_modules\which\which.js:89:16
gyp verb `which` failed     at C:\Users\Jasen\Documents\websites\workwkay\user_stories_instruction\reacttut\01-Collapsible\02-Final\node_modules\isexe\index.js:42:5
gyp verb `which` failed     at C:\Users\Jasen\Documents\websites\workwkay\user_stories_instruction\reacttut\01-Collapsible\02-Final\node_modules\isexe\windows.js:36:5
gyp verb `which` failed     at FSReqWrap.oncomplete (fs.js:152:21)
gyp verb `which` failed   stack: 'Error: not found: python\n    at getNotFoundError (C:\\Users\\Jasen\\Documents\\websites\\workwkay\\user_stories_instruction\\reacttut\\01-Collapsible\\02-Final\\node_modules\\which\\which.js:13:12)\n    at F (C:\\Users\\Jasen\\Documents\\websites\\workwkay\\user_stories_instruction\\reacttut\\01-Collapsible\\02-Final\\node_modules\\which\\which.js:68:19)\n    at E (C:\\Users\\Jasen\\Documents\\websites\\workwkay\\user_stories_instruction\\reacttut\\01-Collapsible\\02-Final\\node_modules\\which\\which.js:80:29)\n    at C:\\Users\\Jasen\\Documents\\websites\\workwkay\\user_stories_instruction\\reacttut\\01-Collapsible\\02-Final\\node_modules\\which\\which.js:89:16\n    at C:\\Users\\Jasen\\Documents\\websites\\workwkay\\user_stories_instruction\\reacttut\\01-Collapsible\\02-Final\\node_modules\\isexe\\index.js:42:5\n    at C:\\Users\\Jasen\\Documents\\websites\\workwkay\\user_stories_instruction\\reacttut\\01-Collapsible\\02-Final\\node_modules\\isexe\\windows.js:36:5\n    at FSReqWrap.oncomplete (fs.js:152:21)',
gyp verb `which` failed   code: 'ENOENT' }
gyp verb could not find "python". checking python launcher
gyp verb could not find "python". guessing location
gyp verb ensuring that file exists: C:\Python27\python.exe
gyp ERR! configure error
gyp ERR! stack Error: Can't find Python executable "python", you can set the PYTHON env variable.
gyp ERR! stack     at PythonFinder.failNoPython (C:\Users\Jasen\Documents\websites\workwkay\user_stories_instruction\reacttut\01-Collapsible\02-Final\node_modules\node-gyp\lib\configure.js:484:19)
gyp ERR! stack     at PythonFinder.<anonymous> (C:\Users\Jasen\Documents\websites\workwkay\user_stories_instruction\reacttut\01-Collapsible\02-Final\node_modules\node-gyp\lib\configure.js:509:16)
gyp ERR! stack     at C:\Users\Jasen\Documents\websites\workwkay\user_stories_instruction\reacttut\01-Collapsible\02-Final\node_modules\graceful-fs\polyfills.js:282:31
gyp ERR! stack     at FSReqWrap.oncomplete (fs.js:152:21)
gyp ERR! System Windows_NT 10.0.17134
gyp ERR! command "C:\\Program Files\\nodejs\\node.exe" "C:\\Users\\Jasen\\Documents\\websites\\workwkay\\user_stories_instruction\\reacttut\\01-Collapsible\\02-Final\\node_modules\\node-gyp\\bin\\node-gyp.js" "rebuild" "--verbose" "--libsass_ext=" "--libsass_cflags=" "--libsass_ldflags=" "--libsass_library="
gyp ERR! cwd C:\Users\Jasen\Documents\websites\workwkay\user_stories_instruction\reacttut\01-Collapsible\02-Final\node_modules\node-sass
gyp ERR! node -v v8.11.3
gyp ERR! node-gyp -v v3.8.0
gyp ERR! not ok
Build failed with error code: 1
npm WARN webpack-starter@1.0.0 No repository field.
npm WARN optional SKIPPING OPTIONAL DEPENDENCY: fsevents@1.2.7 (node_modules\fsevents):
npm WARN notsup SKIPPING OPTIONAL DEPENDENCY: Unsupported platform for fsevents@1.2.7: wanted {"os":"darwin","arch":"any"} (current: {"os":"win32","arch":"x64"})

npm ERR! code ELIFECYCLE
npm ERR! errno 1
npm ERR! node-sass@4.4.0 postinstall: `node scripts/build.js`
npm ERR! Exit status 1
npm ERR!
npm ERR! Failed at the node-sass@4.4.0 postinstall script.
npm ERR! This is probably not a problem with npm. There is likely additional logging output above.

npm ERR! A complete log of this run can be found in:
npm ERR!     C:\Users\Jasen\AppData\Roaming\npm-cache\_logs\2019-01-28T18_41_26_370Z-debug.log

C:\Users\Jasen\Documents\websites\workwkay\user_stories_instruction\reacttut\01-Collapsible\02-Final>npm start
npm ERR! missing script: start

npm ERR! A complete log of this run can be found in:
npm ERR!     C:\Users\Jasen\AppData\Roaming\npm-cache\_logs\2019-01-28T18_42_22_885Z-debug.log